[themified.com/void/index.html]
[backblue.gif]
[fade.gif]
[index.html]
[themified.com/void/media/fav.png]
[themified.com/void/media/demo/menu.png]
[themified.com/void/designer.html]
[themified.com/void/photographer.html]
[themified.com/void/model.html]
[themified.com/void/architect.html]
[themified.com/void/singer.html]
[themified.com/void/blog-list.html]
[themified.com/void/blog-single.html]
[themified.com/void/media/demo/logo.png]
[themified.com/void/media/demo/model.png]
[themified.com/void/media/demo/architect.png]
[themified.com/void/media/demo/singer.png]
[themified.com/void/media/demo/photographer.png]
[themified.com/void/media/demo/mac.png]
[themified.com/void/media/demo/memphis/1.png]
[themified.com/void/media/demo/memphis/2.png]
[themified.com/void/media/demo/designer-portfolio.png]
[themified.com/void/media/demo/memphis/3.png]
[themified.com/void/media/demo/memphis/4.png]
[themified.com/void/media/demo/photographer-portfolio.png]
[themified.com/void/media/demo/memphis/5.png]
[themified.com/void/media/demo/memphis/6.png]
[themified.com/void/media/demo/memphis/7.png]
[themified.com/void/media/demo/model-portfolio.png]
[themified.com/void/media/demo/memphis/8.png]
[themified.com/void/media/demo/architect-portfolio.png]
[themified.com/void/media/demo/memphis/9.png]
[themified.com/void/media/demo/singer-portfolio.png]
[themified.com/void/media/demo/r-layer-1.png]
[themified.com/void/media/demo/r-layer-2.png]
[themified.com/void/media/demo/r-layer-3.png]
[themified.com/void/media/demo/r-layer-4.png]
[themified.com/void/media/demo/r-layer-5.png]
[themified.com/void/media/envato_logo.png]
[themified.com/void/js/jquery-3.1.1.min.js]
[themified.com/void/js/bootstrap.min.js]
[themified.com/void/js/plugins/jquery.parallax-scroll.js]
[themified.com/void/js/plugins/jquery.ripples-min.js]
[themified.com/void/js/plugins/jquery.easing.min.js]
[themified.com/void/js/void.js]
[www.google-analytics.com/analytics.js]
[themified.com/void/index.html]
[themified.com/void/fonts/glyphicons-halflings-regular.eot]
[themified.com/void/fonts/glyphicons-halflings-regulard41d.eot]
[themified.com/void/fonts/glyphicons-halflings-regular.woff2]
[themified.com/void/fonts/glyphicons-halflings-regular.woff]
[themified.com/void/fonts/glyphicons-halflings-regular.ttf]
[themified.com/void/css/bootstrap.min.css]
[themified.com/void/media/demo/intro.jpg]
[themified.com/void/media/demo/dots.png]
[themified.com/void/media/demo/dots-inverse.png]
[themified.com/void/css/demo.css]
[themified.com/void/fonts/ionicons28b5.eot]
[themified.com/void/fonts/ionicons28b5.ttf]
[themified.com/void/fonts/ionicons28b5.woff]
[themified.com/void/css/ionicons.min.css]
[themified.com/void/fonts/fontawesome-webfont3e6e.eot]
[themified.com/void/fonts/fontawesome-webfontd41d.eot]
[themified.com/void/fonts/fontawesome-webfont3e6e.woff2]
[themified.com/void/fonts/fontawesome-webfont3e6e.woff]
[themified.com/void/fonts/fontawesome-webfont3e6e.ttf]
[themified.com/void/css/font-awesome.min.css]
[themified.com/void/media/designer/menu.png]
[themified.com/void/media/designer/intro-layer-1.png]
[themified.com/void/media/designer/intro-layer-2.png]
[themified.com/void/media/designer/intro-layer-3.png]
[themified.com/void/media/designer/intro-layer-4.png]
[themified.com/void/media/designer/intro-layer-5.png]
[themified.com/void/media/designer/about-spots.png]
[themified.com/void/media/designer/gradient-circle.png]
[themified.com/void/media/designer/my-photo.jpg]
[themified.com/void/media/designer/social/facebook.png]
[themified.com/void/media/designer/social/twitter.png]
[themified.com/void/media/designer/social/insta.png]
[themified.com/void/media/designer/service-1.png]
[themified.com/void/media/designer/service-2.png]
[themified.com/void/media/designer/texts.png]
[themified.com/void/media/designer/circle-fill.png]
[themified.com/void/media/designer/skills.png]
[themified.com/void/media/designer/portfolio/1.jpg]
[themified.com/void/media/designer/portfolio/2.jpg]
[themified.com/void/media/designer/portfolio/3.jpg]
[themified.com/void/media/designer/portfolio/4.jpg]
[themified.com/void/media/designer/portfolio/5.jpg]
[themified.com/void/media/designer/portfolio/6.jpg]
[themified.com/void/media/designer/portfolio/7.jpg]
[themified.com/void/media/designer/portfolio/8.jpg]
[themified.com/void/media/designer/portfolio/9.jpg]
[themified.com/void/media/designer/testimonial-1.png]
[themified.com/void/media/designer/testimonial-2.png]
[themified.com/void/media/designer/testimonial-3.png]
[themified.com/void/media/designer/testimonail-4.png]
[themified.com/void/media/designer/client-1.jpg]
[themified.com/void/media/designer/footer-l-1.png]
[themified.com/void/media/designer/footer-l-2.png]
[themified.com/void/media/designer/footer-l-3.png]
[themified.com/void/js/plugins/parallax.hover.js]
[themified.com/void/js/plugins/jquery.appear.js]
[themified.com/void/js/plugins/scrolling-nav.js]
[themified.com/void/designer.html]
[themified.com/void/media/photographer/menu.png]
[themified.com/void/media/photographer/logo.png]
[themified.com/void/media/photographer/my-photo.jpg]
[themified.com/void/media/photographer/lens.png]
[themified.com/void/media/photographer/folio/1.jpg]
[themified.com/void/media/photographer/folio/2.jpg]
[themified.com/void/media/photographer/folio/3.jpg]
[themified.com/void/media/photographer/folio/4.jpg]
[themified.com/void/media/photographer/folio/5.jpg]
[themified.com/void/media/photographer/folio/6.jpg]
[themified.com/void/media/photographer/folio/7.jpg]
[themified.com/void/media/photographer/folio/8.jpg]
[themified.com/void/media/photographer/folio/9.jpg]
[themified.com/void/media/photographer/folio/10.jpg]
[themified.com/void/media/photographer/folio/11.jpg]
[themified.com/void/media/photographer/folio/12.jpg]
[themified.com/void/media/photographer/plant.png]
[themified.com/void/media/photographer/client.png]
[themified.com/void/media/photographer/pen.png]
[themified.com/void/photographer.html]
[themified.com/void/media/model/menu.png]
[themified.com/void/media/model/intro.jpg]
[themified.com/void/media/model/2.png]
[themified.com/void/media/model/me.jpg]
[themified.com/void/media/model/work/1.jpg]
[themified.com/void/media/model/work/2.jpg]
[themified.com/void/media/model/work/3.jpg]
[themified.com/void/media/model/arrow-left.png]
[themified.com/void/media/model/arrow-right.png]
[themified.com/void/media/model/gallery/1.jpg]
[themified.com/void/media/model/gallery/2.jpg]
[themified.com/void/media/model/gallery/3.jpg]
[themified.com/void/media/model/gallery/4.jpg]
[themified.com/void/media/model/gallery/5.jpg]
[themified.com/void/media/model/gallery/6.jpg]
[themified.com/void/media/model/gallery/7.jpg]
[themified.com/void/media/model/gallery/8.jpg]
[themified.com/void/media/model/gallery/9.jpg]
[themified.com/void/media/model/gallery/10.jpg]
[themified.com/void/media/model/gallery/11.jpg]
[themified.com/void/media/model/gallery/12.jpg]
[themified.com/void/media/model/award.jpg]
[themified.com/void/js/plugins/jquery.fullPage.min.js]
[themified.com/void/model.html]
[themified.com/void/media/architect/menu.png]
[themified.com/void/media/architect/logo-full.png]
[themified.com/void/media/architect/backgrounds/intro.jpg]
[themified.com/void/media/architect/my-photo.jpg]
[themified.com/void/media/architect/projects/1.jpg]
[themified.com/void/media/architect/projects/2.jpg]
[themified.com/void/.project-carousel]
[themified.com/void/media/architect/arrow-left.png]
[themified.com/void/media/architect/arrow-right.png]
[themified.com/void/media/architect/projects/4.jpg]
[themified.com/void/media/architect/projects/3.jpg]
[themified.com/void/media/architect/projects/5.jpg]
[themified.com/void/media/architect/projects/6.jpg]
[themified.com/void/media/architect/backgrounds/service.jpg]
[themified.com/void/media/architect/icons/1.png]
[themified.com/void/media/architect/icons/3.png]
[themified.com/void/media/architect/icons/2.png]
[themified.com/void/media/architect/news/1.jpg]
[themified.com/void/media/architect/news/2.jpg]
[themified.com/void/media/architect/news/3.jpg]
[themified.com/void/media/architect/news/4.jpg]
[themified.com/void/media/architect/logo.png]
[themified.com/void/js/plugins/background-parallax.min.js]
[themified.com/void/architect.html]
[themified.com/void/media/singer/menu.png]
[themified.com/void/media/singer/logo.png]
[themified.com/void/media/singer/backgrounds/intro.jpg]
[themified.com/void/media/singer/intro-triangle.png]
[themified.com/void/media/singer/album-cover/1.jpg]
[themified.com/void/media/singer/album-cover/2.jpg]
[themified.com/void/media/singer/album-cover/3.jpg]
[themified.com/void/media/singer/album-cover/4.jpg]
[themified.com/void/media/singer/album-cover/5.jpg]
[themified.com/void/media/singer/hill-1.png]
[themified.com/void/media/singer/hill-2.png]
[themified.com/void/media/singer/hill-3.png]
[themified.com/void/media/singer/hill-4.png]
[themified.com/void/media/singer/my-band.png]
[themified.com/void/media/singer/my-photo.png]
[themified.com/void/media/singer/products/1.jpg]
[themified.com/void/media/singer/products/2.jpg]
[themified.com/void/media/singer/products/4.jpg]
[themified.com/void/media/singer/products/3.jpg]
[themified.com/void/media/singer/blog/1.jpg]
[themified.com/void/media/singer/blog/2.jpg]
[themified.com/void/media/singer/gallery/1.jpg]
[themified.com/void/media/singer/gallery/5.jpg]
[themified.com/void/media/singer/gallery/3.jpg]
[themified.com/void/media/singer/gallery/6.jpg]
[themified.com/void/media/singer/gallery/8.jpg]
[themified.com/void/media/singer/gallery/7.jpg]
[themified.com/void/media/singer/gallery/4.jpg]
[themified.com/void/media/singer/gallery/2.jpg]
[themified.com/void/singer.html]
[themified.com/void/index-2.html]
[themified.com/void/media/logo.png]
[themified.com/void/media/arrow-down.png]
[themified.com/void/signer.html]
[themified.com/void/media/blog/1.jpg]
[themified.com/void/media/blog/2.jpg]
[themified.com/void/media/blog/3.jpg]
[themified.com/void/media/blog/4.jpg]
[themified.com/void/media/blog/5.jpg]
[themified.com/void/media/blog/6.jpg]
[themified.com/void/media/blog/thumb-1.jpg]
[themified.com/void/media/blog/thumb-2.jpg]
[themified.com/void/media/blog/thumb-3.jpg]
[themified.com/void/blog-list.html]
[themified.com/void/blog-single.html]
[themified.com/void/fonts/glyphicons-halflings-regular.svg]
[themified.com/void/fonts/ionicons28b5.svg]
[themified.com/void/fonts/fontawesome-webfont3e6e.svg]
[themified.com/void/fonts/Ailerons.eot]
[themified.com/void/fonts/Aileronsd41d.eot]
[themified.com/void/fonts/Ailerons.woff2]
[themified.com/void/fonts/Ailerons.woff]
[themified.com/void/fonts/Ailerons.ttf]
[themified.com/void/media/designer/comma.png]
[themified.com/void/css/void-designer.css]
[themified.com/void/media/photographer/backgrounds/intro.jpg]
[themified.com/void/media/photographer/backgrounds/portfolio.jpg]
[themified.com/void/media/photographer/backgrounds/clients.jpg]
[themified.com/void/css/void-photographer.css]
[themified.com/void/media/model/work.jpg]
[themified.com/void/media/model/contact-bg.jpg]
[themified.com/void/css/void-model.css]
[themified.com/void/fonts/Athelas-W01-Bold.eot]
[themified.com/void/fonts/Athelas-W01-Boldd41d.eot]
[themified.com/void/fonts/Athelas-W01-Bold.woff2]
[themified.com/void/fonts/Athelas-W01-Bold.woff]
[themified.com/void/fonts/Athelas-W01-Bold.ttf]
[themified.com/void/css/void-architect.css]
[themified.com/void/.html]
[themified.com/void/media/singer/backgrounds/about.jpg]
[themified.com/void/media/singer/backgrounds/tickets.jpg]
[themified.com/void/media/singer/backgrounds/footer.jpg]
[themified.com/void/css/void-singer.css]
[themified.com/void/css/void-blog.css]
[themified.com/void/index-2.html]
[themified.com/void/signer.html]
[themified.com/void/fonts/Ailerons.svg]
[themified.com/void/fonts/Athelas-W01-Bold.svg]
